flutter : [31m925 issues found. (ran in 36.3s)[39m
At line:1 char:1
+ flutter analyze 2>errors.txt
+ ~~~~~~~~~~~~~~~~~~~~~~~~~~~~
    + CategoryInfo          : NotSpecified: ([31m925 issues... in 36.3s)[39m:String) [], RemoteException
    + FullyQualifiedErrorId : NativeCommandError
 
